; Ansible managed file, do not edit directly

$ORIGIN example.com.
$TTL 3600
example.com.                     IN     SOA           sid.example.com. root.example.com. ( 2007120710 1d 2h 4w 1h )
@                                IN     NS            sid.example.com.
@                                IN     MX            10 sid.example.com.
pop                              IN     CNAME         sid
www                              IN     CNAME         sid
mail                             IN     CNAME         sid
sid                              IN     A             192.168.0.1
etch                             IN     A             192.168.0.2
