// Ansible managed file, do not edit directly

logging {
    channel bind_log {
        file "/var/log/named/bind.log" versions 3 size 1m;
        print-category  yes;
        print-severity  yes;
        print-time      yes;
        severity info;
    };
    channel security_info {
        file "/var/log/named/security_info.log" versions 1 size 100k;
        print-severity  yes;
        print-time      yes;
        severity info;
    };
    channel update_debug {
        file "/var/log/named/update_debug.log" versions 3 size 100k;
        print-severity  yes;
        print-time      yes;
        severity debug;
    };

    category default { bind_log; };
    category lame-servers { null; };
    category security { security_info; };
    category update { update_debug; };
    category update-security { update_debug; };
};
