// Ansible managed file, do not edit directly

options {
    auth-nxdomain no;
    directory "/var/cache/bind";
    dnssec-validation auto;
    listen-on-v6 { any; };
};
